// Jest Snapshot v1, https://goo.gl/fbAQLP

exports[`renders without crashing 1`] = `
<div
  className="Dashboard container"
>
  <div
    className="section-a row"
  >
    <div
      className="col"
    >
      <div
        className="photo-uploader row"
      />
      <div
        className="name-editor row"
      />
    </div>
  </div>
  <div
    className="section-b row"
  >
    <div
      className="content-editor col"
    />
  </div>
  <div
    className="section-c row"
  >
    <div
      className="submit-button col"
    />
  </div>
</div>
`;
